// Jest Snapshot v1, https://goo.gl/fbAQLP

exports[`Page Given children renders 1`] = `
<div
  className="sc-bczRLJ eGDUch"
>
  <div
    className="sc-gsnTZi ksunwW"
  >
    <span>
      Children
    </span>
  </div>
</div>
`;
