// Jest Snapshot v1, https://goo.gl/fbAQLP

exports[`ThemeProvider Given children Should match snapshot 1`] = `
<span>
  Children
</span>
`;
